Connecting to MongoDB...
Connected to MongoDB successfully!

=========================================
PAPER 1: ssc_chsl_tier1_paper1.json
=========================================
Disk count: 100
DB count  : 100
Paper 1 complete. Mismatches: 0, LaTeX Issues: 0, Image Issues: 0

=========================================
PAPER 2: ssc_chsl_tier1_paper2.json
=========================================
Disk count: 100
DB count  : 100
Paper 2 complete. Mismatches: 0, LaTeX Issues: 0, Image Issues: 0

=========================================
PAPER 3: ssc_chsl_tier1_paper3.json
=========================================
Disk count: 100
DB count  : 100
Paper 3 complete. Mismatches: 0, LaTeX Issues: 0, Image Issues: 0

=========================================
PAPER 4: ssc_chsl_tier1_paper4.json
=========================================
Disk count: 100
DB count  : 100
Paper 4 complete. Mismatches: 0, LaTeX Issues: 0, Image Issues: 0

=========================================
PAPER 5: ssc_chsl_tier1_paper5.json
=========================================
Disk count: 100
DB count  : 100
Paper 5 complete. Mismatches: 0, LaTeX Issues: 0, Image Issues: 0

=========================================
PAPER 6: ssc_chsl_tier1_paper6.json
=========================================
Disk count: 100
DB count  : 100
Paper 6 complete. Mismatches: 0, LaTeX Issues: 0, Image Issues: 0

=========================================
PAPER 7: ssc_chsl_tier1_paper7.json
=========================================
Disk count: 100
DB count  : 100
Paper 7 complete. Mismatches: 0, LaTeX Issues: 0, Image Issues: 0

=========================================
PAPER 8: ssc_chsl_tier1_paper8.json
=========================================
Disk count: 100
DB count  : 100
Paper 8 complete. Mismatches: 0, LaTeX Issues: 0, Image Issues: 0

=========================================
PAPER 9: ssc_chsl_tier1_paper9.json
=========================================
Disk count: 100
DB count  : 100
Paper 9 complete. Mismatches: 0, LaTeX Issues: 0, Image Issues: 0

=========================================
PAPER 10: ssc_chsl_tier1_paper10.json
=========================================
Disk count: 100
DB count  : 100
Paper 10 complete. Mismatches: 0, LaTeX Issues: 0, Image Issues: 0

Disconnected from MongoDB.
