=========================================
PAPER 1 - Q32:
=========================================
Question: Arrange the following words in the sequence in which they occur in the dictionary.

1. Read
2. Real
3. Ready
4. Rather
5. Ratify
Explanation: The correct dictionary order is: Rather $\rightarrow$ Ratify $\rightarrow$ Read $\rightarrow$ Ready $\rightarrow$ Real, which corresponds to 45132.
Correct Option: D
Options:
  A: "Decoy A for Correct value"
  B: "Decoy B for Correct value"
  C: "Decoy C for Correct value"
  D: "Correct value"
=========================================
PAPER 1 - Q37:
=========================================
Question: In a certain code language, 'TRUMP' is written as '46321' and 'GRAIN' is written as '76598'. How is 'GRUNT' written in that code language?
Explanation: From the given codes: G$\rightarrow$ 7, R$\rightarrow$ 6, U$\rightarrow$ 3, N$\rightarrow$ 8 and T$\rightarrow$ 4. Therefore, GRUNT is coded as 76384.
Correct Option: D
Options:
  A: "Decoy A for Correct value"
  B: "Decoy B for Correct value"
  C: "Decoy C for Correct value"
  D: "Correct value"
=========================================
PAPER 2 - Q46:
=========================================
Question: In the following question, select the missing number from the given series.
 $47,44,40,37$, ?, 30
Explanation: $The pattern alternately subtracts 3 and 4:47→44 (-3), 44→40 (-4), 40→37 (-3), 37→33 (-4), 33→30 (-3)$.
Correct Option: B
Options:
  A: "Decoy A for Correct value"
  B: "Correct value"
  C: "Decoy B for Correct value"
  D: "Decoy C for Correct value"
=========================================
PAPER 2 - Q77:
=========================================
Question: First time which year were the Railway Budget and the General Budget presented separately?
Explanation: The Railway Budget was separated from the General Budget in 1923 following the Acworth Committee's recommendations.
Correct Option: A
Options:
  A: "Correct value"
  B: "Decoy A for Correct value"
  C: "Decoy B for Correct value"
  D: "Decoy C for Correct value"
=========================================
PAPER 3 - Q37:
=========================================
Question: Dissolved oxygen in rivers is close to ______ parts per million.
Explanation: A dissolved oxygen level of about 5 ppm is generally considered the minimum required to support most aquatic life in rivers.
Correct Option: C
Options:
  A: "Decoy A for Correct value"
  B: "Decoy B for Correct value"
  C: "Correct value"
  D: "Decoy C for Correct value"
=========================================
PAPER 3 - Q47:
=========================================
Question: How many maximum terms can a person serve as the Prime Minister of India?
Explanation: The Constitution of India does not prescribe any limit on the number of terms a person may serve as Prime Minister, provided they continue to enjoy the confidence of the Lok Sabha.
Correct Option: D
Options:
  A: "Decoy A for Correct value"
  B: "Decoy B for Correct value"
  C: "Decoy C for Correct value"
  D: "Correct value"
=========================================
PAPER 4 - Q39:
=========================================
Question: Four numbers have been given, out of which three are alike in some manner and one is different. Select the one that is different.
Explanation: 216 (6^3), 125 (5^3), and 729 (9^3) are perfect cubes, whereas 676 (26^2) is a perfect square.
Correct Option: A
Options:
  A: "Correct value"
  B: "Decoy A for Correct value"
  C: "Decoy B for Correct value"
  D: "Decoy C for Correct value"
=========================================
PAPER 4 - Q76:
=========================================
Question: In which year did the first Elected Parliament with two houses come into being in India?
Explanation: The first general elections in India were held in $1951-1952$, and the first elected Parliament with two houses came into being in April 1952.
Correct Option: B
Options:
  A: "Decoy A for Correct value"
  B: "Correct value"
  C: "Decoy B for Correct value"
  D: "Decoy C for Correct value"
=========================================
PAPER 4 - Q92:
=========================================
Question: Telangana became the 29 th state of India in which year?
Explanation: Telangana was officially formed on June 2, 2014, partitioned from Andhra Pradesh as the 29 th state of India.
Correct Option: B
Options:
  A: "Decoy A for Correct value"
  B: "Correct value"
  C: "Decoy B for Correct value"
  D: "Decoy C for Correct value"
=========================================
PAPER 4 - Q96:
=========================================
Question: In which year did NITI Aayog come into existence?
Explanation: NITI Aayog (National Institution for Transforming India) was established on January 1, 2015, replacing the Planning Commission.
Correct Option: C
Options:
  A: "Decoy A for Correct value"
  B: "Decoy B for Correct value"
  C: "Correct value"
  D: "Decoy C for Correct value"
=========================================
PAPER 5 - Q17:
=========================================
Question: Under the ‘National Electric Mobility Mission Plan’, the government wants to see $(6-7$ million electric and hybrid vehicles on Indian roads from year______ onwards.
Explanation: Under the National Electric Mobility Mission Plan (NEMMP), the target was to have $6-7$ million hybrid and electric vehicles by 2020.
Correct Option: B
Options:
  A: "Decoy A for Correct value"
  B: "Correct value"
  C: "Decoy B for Correct value"
  D: "Decoy C for Correct value"
=========================================
PAPER 5 - Q26:
=========================================
Question: In the following question, some part of the sentence may have errors. Find out which part of the sentence has an error and select the appropriate option. If a sentence is free from error, select 'No Error'.

Evolutionary processes give rise to biodiversity in every (1) level of biological organisation, including the level of (2) species, individual organisms, and molecules. (3) No error (4)
Explanation: The sentence is grammatically correct. Hence, option D (No error) is the correct answer.
Correct Option: D
Options:
  A: "Decoy A for Plausible statement matching correct answer"
  B: "Decoy B for Plausible statement matching correct answer"
  C: "Decoy C for Plausible statement matching correct answer"
  D: "Plausible statement matching correct answer"
=========================================
PAPER 5 - Q27:
=========================================
Question: In the following question, some part of the sentence may have errors. Find out which part of the sentence has an error and select the appropriate option. If a sentence is free from error, select 'No Error'.

Population decline, counter-urbanisation, invasion, and (1) movement of people, which had begun in Late (2) Antiquity, continued in the Early Middle Ages. (3) No error (4)
Explanation: The sentence has no grammatical errors. Hence, option D (No error) is the correct answer.
Correct Option: D
Options:
  A: "Decoy A for Plausible statement matching correct answer"
  B: "Decoy B for Plausible statement matching correct answer"
  C: "Decoy C for Plausible statement matching correct answer"
  D: "Plausible statement matching correct answer"
=========================================
PAPER 6 - Q94:
=========================================
Question: As per a report released by the Bank of America Merrill Lynch in November 2017, India is likely overtake Japan in nominal GDP to become world’s third largest economy by which year?
Explanation: The report predicted India to overtake Japan to become the third largest economy by 2028.
Correct Option: C
Options:
  A: "Decoy A for Correct value"
  B: "Decoy B for Correct value"
  C: "Correct value"
  D: "Decoy C for Correct value"
=========================================
PAPER 8 - Q89:
=========================================
Question: The idea of people’s participation in the Panchayati Raj System extends to how many other levels?
Explanation: Panchayati Raj is a 3-tier system. The idea of participation extends to 2 other levels: Block level (Janpad Panchayat/Panchayat Samiti) and District level (Zilla Parishad).
Correct Option: B
Options:
  A: "Decoy A for Correct value"
  B: "Correct value"
  C: "Decoy B for Correct value"
  D: "Decoy C for Correct value"
=========================================
PAPER 9 - Q93:
=========================================
Question: Chauri Chaura incident took place in?
Explanation: The Chauri Chaura incident occurred on February 4, 1922, leading Mahatma Gandhi to call off the Non-Cooperation Movement.
Correct Option: C
Options:
  A: "Decoy A for Correct value"
  B: "Decoy B for Correct value"
  C: "Correct value"
  D: "Decoy C for Correct value"
=========================================
PAPER 9 - Q97:
=========================================
Question: The 42 nd Amendment of the Constitution of India was enacted in the year ________.
Explanation: The 42 nd Amendment, known as the 'Mini-Constitution', was enacted in 1976 during the Emergency under Indira Gandhi's government.
Correct Option: B
Options:
  A: "Decoy A for Correct value"
  B: "Correct value"
  C: "Decoy B for Correct value"
  D: "Decoy C for Correct value"
=========================================
PAPER 9 - Q98:
=========================================
Question: The number of parliamentary seats (Rajya Sabha) of Chhattisgarh is _______.
Explanation: Chhattisgarh elects 5 members to the Rajya Sabha.
Correct Option: B
Options:
  A: "Decoy A for Correct value"
  B: "Correct value"
  C: "Decoy B for Correct value"
  D: "Decoy C for Correct value"
=========================================
PAPER 10 - Q32:
=========================================
Question: Arrange the given words in the sequence in which they occur in the dictionary.

1. Throttle
2. Tight
3. Time
4. Tier
5. Thrust
Explanation: $Dictionary order: Throttle (1) -> Thrust (5) -> Tier (4) -> Tight (2) -> Time (3). So the correct order is 1,5,4,2,3$.
Correct Option: C
Options:
  A: "Decoy A for Correct value"
  B: "Decoy B for Correct value"
  C: "Correct value"
  D: "Decoy C for Correct value"
=========================================
PAPER 10 - Q93:
=========================================
Question: On January 3, 2018, RBI initiated ‘PCA’ against the Allahabad Bank. How many public sector banks have been covered under ‘PCA’?
Explanation: Under the Prompt Corrective Action (PCA) framework of RBI in early 2018, 11 public sector banks were placed under restrictions.
Correct Option: C
Options:
  A: "Decoy A for Correct value"
  B: "Decoy B for Correct value"
  C: "Correct value"
  D: "Decoy C for Correct value"
