Starting RRB NTPC CBT-1 & CBT-2 database seeding...
Connecting to MongoDB...
Connected to MongoDB successfully!

Ingesting folder: rrb_ntpc_cbt_1 (10 files)...
  Processing rrb_ntpc_cbt1_test1.json (100 questions)...
    Successfully upserted questions for rrb_ntpc_cbt1_test1.json.
  Processing rrb_ntpc_cbt1_test10.json (100 questions)...
    Successfully upserted questions for rrb_ntpc_cbt1_test10.json.
  Processing rrb_ntpc_cbt1_test2.json (100 questions)...
    Successfully upserted questions for rrb_ntpc_cbt1_test2.json.
  Processing rrb_ntpc_cbt1_test3.json (100 questions)...
    Successfully upserted questions for rrb_ntpc_cbt1_test3.json.
  Processing rrb_ntpc_cbt1_test4.json (100 questions)...
    Successfully upserted questions for rrb_ntpc_cbt1_test4.json.
  Processing rrb_ntpc_cbt1_test5.json (100 questions)...
    Successfully upserted questions for rrb_ntpc_cbt1_test5.json.
  Processing rrb_ntpc_cbt1_test6.json (100 questions)...
    Successfully upserted questions for rrb_ntpc_cbt1_test6.json.
  Processing rrb_ntpc_cbt1_test7.json (100 questions)...
    Successfully upserted questions for rrb_ntpc_cbt1_test7.json.
  Processing rrb_ntpc_cbt1_test8.json (100 questions)...
    Successfully upserted questions for rrb_ntpc_cbt1_test8.json.
  Processing rrb_ntpc_cbt1_test9.json (100 questions)...
    Successfully upserted questions for rrb_ntpc_cbt1_test9.json.

Ingesting folder: rrb_ntpc_cbt_2 (10 files)...
  Processing rrb_ntpc_cbt2_test1.json (120 questions)...
    Successfully upserted questions for rrb_ntpc_cbt2_test1.json.
  Processing rrb_ntpc_cbt2_test10.json (120 questions)...
    Successfully upserted questions for rrb_ntpc_cbt2_test10.json.
  Processing rrb_ntpc_cbt2_test2.json (120 questions)...
    Successfully upserted questions for rrb_ntpc_cbt2_test2.json.
  Processing rrb_ntpc_cbt2_test3.json (120 questions)...
    Successfully upserted questions for rrb_ntpc_cbt2_test3.json.
  Processing rrb_ntpc_cbt2_test4.json (120 questions)...
    Successfully upserted questions for rrb_ntpc_cbt2_test4.json.
  Processing rrb_ntpc_cbt2_test5.json (120 questions)...
    Successfully upserted questions for rrb_ntpc_cbt2_test5.json.
  Processing rrb_ntpc_cbt2_test6.json (120 questions)...
    Successfully upserted questions for rrb_ntpc_cbt2_test6.json.
  Processing rrb_ntpc_cbt2_test7.json (120 questions)...
    Successfully upserted questions for rrb_ntpc_cbt2_test7.json.
  Processing rrb_ntpc_cbt2_test8.json (120 questions)...
    Successfully upserted questions for rrb_ntpc_cbt2_test8.json.
  Processing rrb_ntpc_cbt2_test9.json (120 questions)...
    Successfully upserted questions for rrb_ntpc_cbt2_test9.json.

Seeding complete!
