Starting RRB PO papers local formatting and DB sync...
Processing Paper 1...
  Successfully wrote corrected JSON to disk.
Processing Paper 2...
  Successfully wrote corrected JSON to disk.
Processing Paper 3...
  Successfully wrote corrected JSON to disk.
Processing Paper 4...
  Successfully wrote corrected JSON to disk.
Processing Paper 5...
  Successfully wrote corrected JSON to disk.
Processing Paper 6...
  Successfully wrote corrected JSON to disk.
Processing Paper 7...
  Successfully wrote corrected JSON to disk.
Processing Paper 8...
  Successfully wrote corrected JSON to disk.
Processing Paper 9...
  Successfully wrote corrected JSON to disk.
Processing Paper 10...
  Successfully wrote corrected JSON to disk.
Connecting to MongoDB Atlas...
Connected to MongoDB successfully!
Syncing database for rrb_po_prelims_paper1.json (80 questions)...
  DB Sync completed for Paper 1.
Syncing database for rrb_po_prelims_paper2.json (80 questions)...
  DB Sync completed for Paper 2.
Syncing database for rrb_po_prelims_paper3.json (80 questions)...
  DB Sync completed for Paper 3.
Syncing database for rrb_po_prelims_paper4.json (80 questions)...
  DB Sync completed for Paper 4.
Syncing database for rrb_po_prelims_paper5.json (80 questions)...
  DB Sync completed for Paper 5.
Syncing database for rrb_po_prelims_paper6.json (80 questions)...
  DB Sync completed for Paper 6.
Syncing database for rrb_po_prelims_paper7.json (80 questions)...
  DB Sync completed for Paper 7.
Syncing database for rrb_po_prelims_paper8.json (80 questions)...
  DB Sync completed for Paper 8.
Syncing database for rrb_po_prelims_paper9.json (80 questions)...
  DB Sync completed for Paper 9.
Syncing database for rrb_po_prelims_paper10.json (80 questions)...
  DB Sync completed for Paper 10.
Database sync process complete.
