Connecting to MongoDB...
Connected to MongoDB successfully!

=========================================
PAPER 1: rrb_po_prelims_paper1.json
=========================================
Disk count: 80
DB count  : 80
Sections in JSON file:
  - Reasoning Ability: 40 questions
  - Quantitative Aptitude: 40 questions
[IMAGE ANOMALY - local path or placeholder] Q41: "rrb_po_prelims_paper1_q41-46.png"
[IMAGE ANOMALY - local path or placeholder] Q42: "rrb_po_prelims_paper1_q41-46.png"
[IMAGE ANOMALY - local path or placeholder] Q43: "rrb_po_prelims_paper1_q41-46.png"
[IMAGE ANOMALY - local path or placeholder] Q44: "rrb_po_prelims_paper1_q41-46.png"
[IMAGE ANOMALY - local path or placeholder] Q45: "rrb_po_prelims_paper1_q41-46.png"
[IMAGE ANOMALY - local path or placeholder] Q46: "rrb_po_prelims_paper1_q41-46.png"
[IMAGE ANOMALY - local path or placeholder] Q47: "rrb_po_prelims_paper1_q47-52.png"
[IMAGE ANOMALY - local path or placeholder] Q48: "rrb_po_prelims_paper1_q47-52.png"
[IMAGE ANOMALY - local path or placeholder] Q49: "rrb_po_prelims_paper1_q47-52.png"
[IMAGE ANOMALY - local path or placeholder] Q50: "rrb_po_prelims_paper1_q47-52.png"
[IMAGE ANOMALY - local path or placeholder] Q51: "rrb_po_prelims_paper1_q47-52.png"
[IMAGE ANOMALY - local path or placeholder] Q52: "rrb_po_prelims_paper1_q47-52.png"
Paper 1 complete. Mismatches: 0, LaTeX Issues: 0, Image Issues: 12

=========================================
PAPER 2: rrb_po_prelims_paper2.json
=========================================
Disk count: 80
DB count  : 80
Sections in JSON file:
  - Reasoning Ability: 40 questions
  - Quantitative Aptitude: 40 questions
[IMAGE ANOMALY - local path or placeholder] Q41: "rrb_po_prelims_paper2_q41-46.png"
[IMAGE ANOMALY - local path or placeholder] Q42: "rrb_po_prelims_paper2_q41-46.png"
[IMAGE ANOMALY - local path or placeholder] Q43: "rrb_po_prelims_paper2_q41-46.png"
[IMAGE ANOMALY - local path or placeholder] Q44: "rrb_po_prelims_paper2_q41-46.png"
[IMAGE ANOMALY - local path or placeholder] Q45: "rrb_po_prelims_paper2_q41-46.png"
[IMAGE ANOMALY - local path or placeholder] Q46: "rrb_po_prelims_paper2_q41-46.png"
[IMAGE ANOMALY - local path or placeholder] Q51: "rrb_po_prelims_paper2_q51-55.png"
[IMAGE ANOMALY - local path or placeholder] Q52: "rrb_po_prelims_paper2_q51-55.png"
[IMAGE ANOMALY - local path or placeholder] Q53: "rrb_po_prelims_paper2_q51-55.png"
[IMAGE ANOMALY - local path or placeholder] Q54: "rrb_po_prelims_paper2_q51-55.png"
[IMAGE ANOMALY - local path or placeholder] Q55: "rrb_po_prelims_paper2_q51-55.png"
Paper 2 complete. Mismatches: 0, LaTeX Issues: 0, Image Issues: 11

=========================================
PAPER 3: rrb_po_prelims_paper3.json
=========================================
Disk count: 80
DB count  : 80
Sections in JSON file:
  - Reasoning Ability: 40 questions
  - Quantitative Aptitude: 40 questions
[IMAGE ANOMALY - local path or placeholder] Q47: "rrb_po_prelims_paper3_q47-52.png"
[IMAGE ANOMALY - local path or placeholder] Q48: "rrb_po_prelims_paper3_q47-52.png"
[IMAGE ANOMALY - local path or placeholder] Q49: "rrb_po_prelims_paper3_q47-52.png"
[IMAGE ANOMALY - local path or placeholder] Q50: "rrb_po_prelims_paper3_q47-52.png"
[IMAGE ANOMALY - local path or placeholder] Q51: "rrb_po_prelims_paper3_q47-52.png"
[IMAGE ANOMALY - local path or placeholder] Q52: "rrb_po_prelims_paper3_q47-52.png"
[IMAGE ANOMALY - local path or placeholder] Q53: "rrb_po_prelims_paper3_q53-58.png"
[IMAGE ANOMALY - local path or placeholder] Q54: "rrb_po_prelims_paper3_q53-58.png"
[IMAGE ANOMALY - local path or placeholder] Q55: "rrb_po_prelims_paper3_q53-58.png"
[IMAGE ANOMALY - local path or placeholder] Q56: "rrb_po_prelims_paper3_q53-58.png"
[IMAGE ANOMALY - local path or placeholder] Q57: "rrb_po_prelims_paper3_q53-58.png"
[IMAGE ANOMALY - local path or placeholder] Q58: "rrb_po_prelims_paper3_q53-58.png"
Paper 3 complete. Mismatches: 0, LaTeX Issues: 0, Image Issues: 12

=========================================
PAPER 4: rrb_po_prelims_paper4.json
=========================================
Disk count: 80
DB count  : 80
Sections in JSON file:
  - Reasoning Ability: 40 questions
  - Quantitative Aptitude: 40 questions
[IMAGE ANOMALY - local path or placeholder] Q41: "rrb_po_prelims_paper4_q41-46.png"
[IMAGE ANOMALY - local path or placeholder] Q42: "rrb_po_prelims_paper4_q41-46.png"
[IMAGE ANOMALY - local path or placeholder] Q43: "rrb_po_prelims_paper4_q41-46.png"
[IMAGE ANOMALY - local path or placeholder] Q44: "rrb_po_prelims_paper4_q41-46.png"
[IMAGE ANOMALY - local path or placeholder] Q45: "rrb_po_prelims_paper4_q41-46.png"
[IMAGE ANOMALY - local path or placeholder] Q46: "rrb_po_prelims_paper4_q41-46.png"
[IMAGE ANOMALY - local path or placeholder] Q66: "rrb_po_prelims_paper4_q66-70.png"
[IMAGE ANOMALY - local path or placeholder] Q67: "rrb_po_prelims_paper4_q66-70.png"
[IMAGE ANOMALY - local path or placeholder] Q68: "rrb_po_prelims_paper4_q66-70.png"
[IMAGE ANOMALY - local path or placeholder] Q69: "rrb_po_prelims_paper4_q66-70.png"
[IMAGE ANOMALY - local path or placeholder] Q70: "rrb_po_prelims_paper4_q66-70.png"
Paper 4 complete. Mismatches: 0, LaTeX Issues: 0, Image Issues: 11

=========================================
PAPER 5: rrb_po_prelims_paper5.json
=========================================
Disk count: 80
DB count  : 80
Sections in JSON file:
  - Reasoning Ability: 40 questions
  - Quantitative Aptitude: 40 questions
[IMAGE ANOMALY - local path or placeholder] Q47: "rrb_po_prelims_paper5_q47-52.png"
[IMAGE ANOMALY - local path or placeholder] Q48: "rrb_po_prelims_paper5_q47-52.png"
[IMAGE ANOMALY - local path or placeholder] Q49: "rrb_po_prelims_paper5_q47-52.png"
[IMAGE ANOMALY - local path or placeholder] Q50: "rrb_po_prelims_paper5_q47-52.png"
[IMAGE ANOMALY - local path or placeholder] Q51: "rrb_po_prelims_paper5_q47-52.png"
[IMAGE ANOMALY - local path or placeholder] Q52: "rrb_po_prelims_paper5_q47-52.png"
[IMAGE ANOMALY - local path or placeholder] Q53: "rrb_po_prelims_paper5_q53-58.png"
[IMAGE ANOMALY - local path or placeholder] Q54: "rrb_po_prelims_paper5_q53-58.png"
[IMAGE ANOMALY - local path or placeholder] Q55: "rrb_po_prelims_paper5_q53-58.png"
[IMAGE ANOMALY - local path or placeholder] Q56: "rrb_po_prelims_paper5_q53-58.png"
[IMAGE ANOMALY - local path or placeholder] Q57: "rrb_po_prelims_paper5_q53-58.png"
[IMAGE ANOMALY - local path or placeholder] Q58: "rrb_po_prelims_paper5_q53-58.png"
Paper 5 complete. Mismatches: 0, LaTeX Issues: 0, Image Issues: 12

=========================================
PAPER 6: rrb_po_prelims_paper6.json
=========================================
Disk count: 80
DB count  : 80
Sections in JSON file:
  - Reasoning Ability: 40 questions
  - Quantitative Aptitude: 40 questions
[IMAGE ANOMALY - local path or placeholder] Q51: "rrb_po_prelims_paper6_q51-55.png"
[IMAGE ANOMALY - local path or placeholder] Q52: "rrb_po_prelims_paper6_q51-55.png"
[IMAGE ANOMALY - local path or placeholder] Q53: "rrb_po_prelims_paper6_q51-55.png"
[IMAGE ANOMALY - local path or placeholder] Q54: "rrb_po_prelims_paper6_q51-55.png"
[IMAGE ANOMALY - local path or placeholder] Q55: "rrb_po_prelims_paper6_q51-55.png"
[IMAGE ANOMALY - local path or placeholder] Q66: "rrb_po_prelims_paper6_q66-70.png"
[IMAGE ANOMALY - local path or placeholder] Q67: "rrb_po_prelims_paper6_q66-70.png"
[IMAGE ANOMALY - local path or placeholder] Q68: "rrb_po_prelims_paper6_q66-70.png"
[IMAGE ANOMALY - local path or placeholder] Q69: "rrb_po_prelims_paper6_q66-70.png"
[IMAGE ANOMALY - local path or placeholder] Q70: "rrb_po_prelims_paper6_q66-70.png"
Paper 6 complete. Mismatches: 0, LaTeX Issues: 0, Image Issues: 10

=========================================
PAPER 7: rrb_po_prelims_paper7.json
=========================================
Disk count: 80
DB count  : 80
Sections in JSON file:
  - Reasoning Ability: 40 questions
  - Quantitative Aptitude: 40 questions
[IMAGE ANOMALY - local path or placeholder] Q66: "rrb_po_prelims_paper7_q66-70.png"
[IMAGE ANOMALY - local path or placeholder] Q67: "rrb_po_prelims_paper7_q66-70.png"
[IMAGE ANOMALY - local path or placeholder] Q68: "rrb_po_prelims_paper7_q66-70.png"
[IMAGE ANOMALY - local path or placeholder] Q69: "rrb_po_prelims_paper7_q66-70.png"
[IMAGE ANOMALY - local path or placeholder] Q70: "rrb_po_prelims_paper7_q66-70.png"
[IMAGE ANOMALY - local path or placeholder] Q76: "rrb_po_prelims_paper7_q76-80.png"
[IMAGE ANOMALY - local path or placeholder] Q77: "rrb_po_prelims_paper7_q76-80.png"
[IMAGE ANOMALY - local path or placeholder] Q78: "rrb_po_prelims_paper7_q76-80.png"
[IMAGE ANOMALY - local path or placeholder] Q79: "rrb_po_prelims_paper7_q76-80.png"
[IMAGE ANOMALY - local path or placeholder] Q80: "rrb_po_prelims_paper7_q76-80.png"
Paper 7 complete. Mismatches: 0, LaTeX Issues: 0, Image Issues: 10

=========================================
PAPER 8: rrb_po_prelims_paper8.json
=========================================
Disk count: 80
DB count  : 80
Sections in JSON file:
  - Reasoning Ability: 40 questions
  - Quantitative Aptitude: 40 questions
[IMAGE ANOMALY - local path or placeholder] Q66: "rrb_po_prelims_paper8_q66-70.png"
[IMAGE ANOMALY - local path or placeholder] Q67: "rrb_po_prelims_paper8_q66-70.png"
[IMAGE ANOMALY - local path or placeholder] Q68: "rrb_po_prelims_paper8_q66-70.png"
[IMAGE ANOMALY - local path or placeholder] Q69: "rrb_po_prelims_paper8_q66-70.png"
[IMAGE ANOMALY - local path or placeholder] Q70: "rrb_po_prelims_paper8_q66-70.png"
[IMAGE ANOMALY - local path or placeholder] Q71: "rrb_po_prelims_paper8_q71-75.png"
[IMAGE ANOMALY - local path or placeholder] Q72: "rrb_po_prelims_paper8_q71-75.png"
[IMAGE ANOMALY - local path or placeholder] Q73: "rrb_po_prelims_paper8_q71-75.png"
[IMAGE ANOMALY - local path or placeholder] Q74: "rrb_po_prelims_paper8_q71-75.png"
[IMAGE ANOMALY - local path or placeholder] Q75: "rrb_po_prelims_paper8_q71-75.png"
Paper 8 complete. Mismatches: 0, LaTeX Issues: 0, Image Issues: 10

=========================================
PAPER 9: rrb_po_prelims_paper9.json
=========================================
Disk count: 80
DB count  : 80
Sections in JSON file:
  - Reasoning Ability: 40 questions
  - Quantitative Aptitude: 40 questions
[IMAGE ANOMALY - local path or placeholder] Q66: "rrb_po_prelims_paper9_q66-70.png"
[IMAGE ANOMALY - local path or placeholder] Q67: "rrb_po_prelims_paper9_q66-70.png"
[IMAGE ANOMALY - local path or placeholder] Q68: "rrb_po_prelims_paper9_q66-70.png"
[IMAGE ANOMALY - local path or placeholder] Q69: "rrb_po_prelims_paper9_q66-70.png"
[IMAGE ANOMALY - local path or placeholder] Q70: "rrb_po_prelims_paper9_q66-70.png"
[IMAGE ANOMALY - local path or placeholder] Q76: "rrb_po_prelims_paper9_q76-80.png"
[IMAGE ANOMALY - local path or placeholder] Q77: "rrb_po_prelims_paper9_q76-80.png"
[IMAGE ANOMALY - local path or placeholder] Q78: "rrb_po_prelims_paper9_q76-80.png"
[IMAGE ANOMALY - local path or placeholder] Q79: "rrb_po_prelims_paper9_q76-80.png"
[IMAGE ANOMALY - local path or placeholder] Q80: "rrb_po_prelims_paper9_q76-80.png"
Paper 9 complete. Mismatches: 0, LaTeX Issues: 0, Image Issues: 10

=========================================
PAPER 10: rrb_po_prelims_paper10.json
=========================================
Disk count: 80
DB count  : 80
Sections in JSON file:
  - Reasoning Ability: 40 questions
  - Quantitative Aptitude: 40 questions
[IMAGE ANOMALY - local path or placeholder] Q51: "rrb_po_prelims_paper10_q51-55.png"
[IMAGE ANOMALY - local path or placeholder] Q52: "rrb_po_prelims_paper10_q51-55.png"
[IMAGE ANOMALY - local path or placeholder] Q53: "rrb_po_prelims_paper10_q51-55.png"
[IMAGE ANOMALY - local path or placeholder] Q54: "rrb_po_prelims_paper10_q51-55.png"
[IMAGE ANOMALY - local path or placeholder] Q55: "rrb_po_prelims_paper10_q51-55.png"
[IMAGE ANOMALY - local path or placeholder] Q66: "rrb_po_prelims_paper10_q66-70.png"
[IMAGE ANOMALY - local path or placeholder] Q67: "rrb_po_prelims_paper10_q66-70.png"
[IMAGE ANOMALY - local path or placeholder] Q68: "rrb_po_prelims_paper10_q66-70.png"
[IMAGE ANOMALY - local path or placeholder] Q69: "rrb_po_prelims_paper10_q66-70.png"
[IMAGE ANOMALY - local path or placeholder] Q70: "rrb_po_prelims_paper10_q66-70.png"
Paper 10 complete. Mismatches: 0, LaTeX Issues: 0, Image Issues: 10

Disconnected from MongoDB.
